# Bake Begins!
### (1 of 6) Copy sources
$ cp -a /home/travis/build/fontdirectory/yellowtail/METADATA.json /home/travis/build/fontdirectory/yellowtail/builds/build
$ cp -a /home/travis/build/fontdirectory/yellowtail/DESCRIPTION.en_us.html /home/travis/build/fontdirectory/yellowtail/builds/build
$ cp -a Yellowtail-Regular.ttf.ttx src/Yellowtail-Regular.otf.ttx src/Yellowtail-Regular-TTF.sfd Yellowtail-Regular.ttf.F_F_T_M_.ttx Yellowtail-Regular.ttf._m_a_x_p.ttx Yellowtail-Regular.ttf._l_o_c_a.ttx Yellowtail-Regular.ttf.D_S_I_G_.ttx Yellowtail-Regular.ttf.GlyphOrder.ttx Yellowtail-Regular.ttf._n_a_m_e.ttx Yellowtail-Regular.ttf._g_a_s_p.ttx Yellowtail-Regular.ttf.G_D_E_F_.ttx Yellowtail-Regular.ttf._h_e_a_d.ttx Yellowtail-Regular.ttf._c_m_a_p.ttx Yellowtail-Regular.ttf._h_m_t_x.ttx Yellowtail-Regular.ttf._p_o_s_t.ttx Yellowtail-Regular.ttf.O_S_2f_2.ttx Yellowtail-Regular.ttf._g_l_y_f.ttx Yellowtail-Regular.ttf._h_h_e_a.ttx src/Yellowtail-Regular.otf.O_S_2f_2.ttx src/Yellowtail-Regular.otf._n_a_m_e.ttx src/Yellowtail-Regular.otf._c_m_a_p.ttx src/Yellowtail-Regular.otf.GlyphOrder.ttx src/Yellowtail-Regular.otf._p_o_s_t.ttx src/Yellowtail-Regular.otf.C_F_F_.ttx src/Yellowtail-Regular.otf._h_m_t_x.ttx src/Yellowtail-Regular.otf._m_a_x_p.ttx src/Yellowtail-Regular.otf._h_e_a_d.ttx src/Yellowtail-Regular.otf.G_P_O_S_.ttx src/Yellowtail-Regular.otf._h_h_e_a.ttx /home/travis/build/fontdirectory/yellowtail/builds/build/sources
### (2 of 6) pyfontaine
### (3 of 6) Run upstream tests
$ fontbakery-check.py upstream-repo sources
bakery_lint.tests.upstream.test_diacritic.TestDiacritic.test_diacritic_made_as_component(): OK
$ fontaine --collections subsets --text /home/travis/build/fontdirectory/yellowtail/builds/build/sources/Yellowtail-Regular.ttf.ttx /home/travis/build/fontdirectory/yellowtail/builds/build/sources/Yellowtail-Regular.otf.ttx /home/travis/build/fontdirectory/yellowtail/builds/build/sources/Yellowtail-Regular-TTF.sfd > fontaine.txt
bakery_lint.tests.upstream.test_diacritic.TestDiacritic.test_diacritic_made_as_mark_to_mark(): OK
bakery_lint.tests.upstream.test_diacritic.TestDiacritic.test_diacritic_made_as_own_glyphs(): OK
WARNING: Please install [PyICU](https://pypi.python.org/pypi/PyICU) toenable [feature], perhaps with: pip install pyicu
pyfontaine error: Not a TrueType or OpenType font (bad sfntVersion)
pyfontaine process has been failed
bakery_lint.tests.upstream.test_prepolation.FontTestPrepolation.test_font_prepolation_glyph_contours(): OK
bakery_lint.tests.upstream.test_prepolation.FontTestPrepolation.test_font_prepolation_glyph_points(): OK
bakery_lint.tests.upstream.test_prepolation.FontTestPrepolation.test_font_test_prepolation_glyph_names(): OK
bakery_lint.tests.upstream.test_check_upstream_sources.ProjectUpstreamTestCase.test_bakery_yaml_exists(): OK
bakery_lint.tests.upstream.test_check_upstream_sources.ProjectUpstreamTestCase.test_copyright_notices_same_across_family(): OK
bakery_lint.tests.upstream.test_check_upstream_sources.ProjectUpstreamTestCase.test_description_html_exists(): OK
bakery_lint.tests.upstream.test_check_upstream_sources.ProjectUpstreamTestCase.test_fontlog_txt_exists(): FAIL
bakery_lint.tests.upstream.test_check_upstream_sources.ProjectUpstreamTestCase.test_metadata_json_exists(): OK
$ fontbakery-check.py upstream-ttx Yellowtail-Regular.ttf.ttx
bakery_lint.tests.upstream.test_check_ttx_requirements.SourceTTXTest.test_epar_in_keys(): FAIL
bakery_lint.tests.upstream.test_check_ttx_requirements.SourceTTXTest.test_os2_in_keys(): OK
bakery_lint.tests.upstream.test_check_ttx_requirements.SourceTTXTest.test_ttx_doesnt_contain_duplicate_glyphs(): OK
bakery_lint.tests.upstream.test_glyphname_does_not_contain_disallowed_chars.TestGlyphNameDoesNotContainsDisallowedChars.test_glyphname_does_not_contain_disallowed_chars(): FAIL
bakery_lint.tests.upstream.test_font_filename_eq_familystyle.TestTTFSourceFontFileNameEqualsFamilyStyle.test_source_ttf_font_filename_equals_familystyle(): FAIL
$ mv /home/travis/build/fontdirectory/yellowtail/builds/build/sources/Yellowtail-Regular.ttf.ttx /home/travis/build/fontdirectory/yellowtail/builds/build/sources/Yellowtail-Regular.ttx
bakery_lint.tests.upstream.test_font_filename_eq_familystyle.TestTTFSourceFontFileNameEqualsFamilyStyle.test_source_ttf_font_filename_equals_familystyle(): OK
bakery_lint.tests.upstream.test_check_ttx_fontfamily_recommendations.TTX_FontFamilyNamingTest.test_ttx_family_naming_recommendation(): OK
$ fontbakery-check.py upstream-ttx Yellowtail-Regular.otf.ttx
bakery_lint.tests.upstream.test_check_ttx_requirements.SourceTTXTest.test_epar_in_keys(): FAIL
bakery_lint.tests.upstream.test_check_ttx_requirements.SourceTTXTest.test_os2_in_keys(): OK
bakery_lint.tests.upstream.test_check_ttx_requirements.SourceTTXTest.test_ttx_doesnt_contain_duplicate_glyphs(): OK
bakery_lint.tests.upstream.test_glyphname_does_not_contain_disallowed_chars.TestGlyphNameDoesNotContainsDisallowedChars.test_glyphname_does_not_contain_disallowed_chars(): FAIL
bakery_lint.tests.upstream.test_font_filename_eq_familystyle.TestTTFSourceFontFileNameEqualsFamilyStyle.test_source_ttf_font_filename_equals_familystyle(): FAIL
$ mv /home/travis/build/fontdirectory/yellowtail/builds/build/sources/Yellowtail-Regular.otf.ttx /home/travis/build/fontdirectory/yellowtail/builds/build/sources/Yellowtail-Regular.ttx
bakery_lint.tests.upstream.test_font_filename_eq_familystyle.TestTTFSourceFontFileNameEqualsFamilyStyle.test_source_ttf_font_filename_equals_familystyle(): OK
bakery_lint.tests.upstream.test_check_ttx_fontfamily_recommendations.TTX_FontFamilyNamingTest.test_ttx_family_naming_recommendation(): OK
$ fontbakery-check.py upstream Yellowtail-Regular-TTF.sfd
bakery_lint.tests.upstream.test_unicode_value_should_appear_only_once_per_font.UnicodeValueShouldAppearOnlyOnce.testUnicodeValue(): ERROR
bakery_lint.tests.upstream.test_font_filename_eq_familystyle.TestTTFSourceFontFileNameEqualsFamilyStyle.test_source_ttf_font_filename_equals_familystyle(): ERROR
bakery_lint.tests.upstream.test_check_ufo_requirements.UfoOpenTest.test_has_rupee(): ERROR
bakery_lint.tests.upstream.test_check_ufo_requirements.UfoOpenTest.test_is_A(): ERROR
bakery_lint.tests.upstream.test_check_ufo_requirements.UfoOpenTest.test_is_A_a_glyph_instance(): ERROR
bakery_lint.tests.upstream.test_check_ufo_requirements.UfoOpenTest.test_is_ended_ufo(): ERROR
bakery_lint.tests.upstream.test_check_ufo_requirements.UfoOpenTest.test_is_folder(): ERROR
bakery_lint.tests.upstream.test_check_ufo_requirements.UfoOpenTest.test_is_fsType_eq_1(): ERROR
bakery_lint.tests.upstream.test_check_ufo_requirements.UfoOpenTest.test_it_exists(): ERROR
bakery_lint.tests.upstream.test_check_ufo_fontfamily_recommendations.TestUFOFontFamilyNamingTest.test_familyname_less_than_32_chars(): OK
bakery_lint.tests.upstream.test_check_ufo_fontfamily_recommendations.TestUFOFontFamilyNamingTest.test_fullfontname_less_than_64_chars(): OK
bakery_lint.tests.upstream.test_check_ufo_fontfamily_recommendations.TestUFOFontFamilyNamingTest.test_postscriptname_consistof_allowed_chars(): OK
bakery_lint.tests.upstream.test_check_ufo_fontfamily_recommendations.TestUFOFontFamilyNamingTest.test_postscriptname_less_than_30_chars(): OK
bakery_lint.tests.upstream.test_check_ufo_fontfamily_recommendations.TestUFOFontFamilyNamingTest.test_stylename_less_than_32_chars(): OK
bakery_lint.tests.upstream.test_check_ufo_fontfamily_recommendations.TestUFOFontFamilyNamingTest.test_weight_value_range_between_250_and_900(): OK
bakery_lint.tests.upstream.test_contour_count.TestContourCount.test_contour_count(): ERROR
### (4 of 6) Convert sources to TTF
$ ttx -d /home/travis/build/fontdirectory/yellowtail/builds/build /home/travis/build/fontdirectory/yellowtail/builds/build/sources/Yellowtail-Regular.ttx
$ fontbakery-build-font2ttf.py sources/Yellowtail-Regular.otf Yellowtail-Regular.ttf
Ccedilla's SEAC-like endchar operator is depreciated for Type2
Ldot's SEAC-like endchar operator is depreciated for Type2
Agrave's SEAC-like endchar operator is depreciated for Type2
Aacute's SEAC-like endchar operator is depreciated for Type2
Acircumflex's SEAC-like endchar operator is depreciated for Type2
Atilde's SEAC-like endchar operator is depreciated for Type2
Adieresis's SEAC-like endchar operator is depreciated for Type2
Aring's SEAC-like endchar operator is depreciated for Type2
AEacute's SEAC-like endchar operator is depreciated for Type2
Amacron's SEAC-like endchar operator is depreciated for Type2
Abreve's SEAC-like endchar operator is depreciated for Type2
Cacute's SEAC-like endchar operator is depreciated for Type2
Ccircumflex's SEAC-like endchar operator is depreciated for Type2
Cdotaccent's SEAC-like endchar operator is depreciated for Type2
Ccaron's SEAC-like endchar operator is depreciated for Type2
Dcaron's SEAC-like endchar operator is depreciated for Type2
Egrave's SEAC-like endchar operator is depreciated for Type2
Eacute's SEAC-like endchar operator is depreciated for Type2
Ecircumflex's SEAC-like endchar operator is depreciated for Type2
Edieresis's SEAC-like endchar operator is depreciated for Type2
Emacron's SEAC-like endchar operator is depreciated for Type2
Ebreve's SEAC-like endchar operator is depreciated for Type2
Edotaccent's SEAC-like endchar operator is depreciated for Type2
Ecaron's SEAC-like endchar operator is depreciated for Type2
Gcircumflex's SEAC-like endchar operator is depreciated for Type2
Gbreve's SEAC-like endchar operator is depreciated for Type2
Gdotaccent's SEAC-like endchar operator is depreciated for Type2
gcommaaccent's SEAC-like endchar operator is depreciated for Type2
Hcircumflex's SEAC-like endchar operator is depreciated for Type2
Igrave's SEAC-like endchar operator is depreciated for Type2
Iacute's SEAC-like endchar operator is depreciated for Type2
Icircumflex's SEAC-like endchar operator is depreciated for Type2
Idieresis's SEAC-like endchar operator is depreciated for Type2
Itilde's SEAC-like endchar operator is depreciated for Type2
Imacron's SEAC-like endchar operator is depreciated for Type2
Ibreve's SEAC-like endchar operator is depreciated for Type2
Idotaccent's SEAC-like endchar operator is depreciated for Type2
Jcircumflex's SEAC-like endchar operator is depreciated for Type2
Lacute's SEAC-like endchar operator is depreciated for Type2
Ntilde's SEAC-like endchar operator is depreciated for Type2
Nacute's SEAC-like endchar operator is depreciated for Type2
Ncaron's SEAC-like endchar operator is depreciated for Type2
Ograve's SEAC-like endchar operator is depreciated for Type2
Oacute's SEAC-like endchar operator is depreciated for Type2
Ocircumflex's SEAC-like endchar operator is depreciated for Type2
Otilde's SEAC-like endchar operator is depreciated for Type2
Odieresis's SEAC-like endchar operator is depreciated for Type2
Omacron's SEAC-like endchar operator is depreciated for Type2
Obreve's SEAC-like endchar operator is depreciated for Type2
Ohungarumlaut's SEAC-like endchar operator is depreciated for Type2
Oslashacute's SEAC-like endchar operator is depreciated for Type2
Racute's SEAC-like endchar operator is depreciated for Type2
Rcaron's SEAC-like endchar operator is depreciated for Type2
Sacute's SEAC-like endchar operator is depreciated for Type2
Scircumflex's SEAC-like endchar operator is depreciated for Type2
Scaron's SEAC-like endchar operator is depreciated for Type2
Tcaron's SEAC-like endchar operator is depreciated for Type2
Ugrave's SEAC-like endchar operator is depreciated for Type2
Uacute's SEAC-like endchar operator is depreciated for Type2
Ucircumflex's SEAC-like endchar operator is depreciated for Type2
Udieresis's SEAC-like endchar operator is depreciated for Type2
Utilde's SEAC-like endchar operator is depreciated for Type2
Umacron's SEAC-like endchar operator is depreciated for Type2
Ubreve's SEAC-like endchar operator is depreciated for Type2
Uring's SEAC-like endchar operator is depreciated for Type2
Uhungarumlaut's SEAC-like endchar operator is depreciated for Type2
Wcircumflex's SEAC-like endchar operator is depreciated for Type2
Wgrave's SEAC-like endchar operator is depreciated for Type2
Wacute's SEAC-like endchar operator is depreciated for Type2
Wdieresis's SEAC-like endchar operator is depreciated for Type2
Yacute's SEAC-like endchar operator is depreciated for Type2
Ycircumflex's SEAC-like endchar operator is depreciated for Type2
Ydieresis's SEAC-like endchar operator is depreciated for Type2
Ygrave's SEAC-like endchar operator is depreciated for Type2
Zacute's SEAC-like endchar operator is depreciated for Type2
Zdotaccent's SEAC-like endchar operator is depreciated for Type2
Zcaron's SEAC-like endchar operator is depreciated for Type2
The glyph named micro is mapped to U+03BC.
But its name indicates it should be mapped to U+00B5.
Success: Generated OpenType-TTF (/home/travis/build/fontdirectory/yellowtail/builds/build/Yellowtail-Regular.ttf)
strippedname:/home/travis/build/fontdirectory/yellowtail/builds/build/sources/Yellowtail-Regular-TTF.sfd
Compiling "/home/travis/build/fontdirectory/yellowtail/builds/build/sources/Yellowtail-Regular.ttx" to "/home/travis/build/fontdirectory/yellowtail/builds/build/Yellowtail-Regular.otf"...
Parsing 'GlyphOrder' table...
Parsing 'head' table...
Parsing 'hhea' table...
Parsing 'maxp' table...
Parsing 'OS/2' table...
Parsing 'name' table...
Parsing 'cmap' table...
Parsing 'post' table...
Parsing 'CFF ' table...
Parsing 'GPOS' table...
Parsing 'hmtx' table...
strippedname:/home/travis/build/fontdirectory/yellowtail/builds/build/Yellowtail-Regular.otf
### Test Yellowtail-Regular.ttf
$ fontbakery-check.py result Yellowtail-Regular.ttf
bakery_lint.tests.downstream.test_check_fontname_matches_macstyle.CheckFontNameEqualToMacStyleFlags.test_fontname_is_equal_to_macstyle(): FAIL
bakery_lint.tests.downstream.test_check_full_font_name_begins_with_family_name.CheckFullFontNameBeginsWithFamilyName.test_check_full_font_name_begins_with_family_name(): OK
bakery_lint.tests.downstream.test_check_os2_width_class.CheckOS2WidthClass.test_check_os2_width_class(): OK
bakery_lint.tests.downstream.test_gpos_table_has_kerning_info.CheckGposTableHasKerningInfo.test_gpos_table_has_kerning_info(): OK
bakery_lint.tests.downstream.test_check_no_problematic_formats.CheckNoProblematicFormats.test_check_no_problematic_formats(): OK
bakery_lint.tests.downstream.test_check_vertical_metrics.CheckVerticalLinegapMetrics.test_metrics_linegaps_are_zero(): OK
bakery_lint.tests.downstream.test_check_vertical_metrics.CheckVerticalAscentMetrics.test_metrics_ascents_equal_bbox(): OK
bakery_lint.tests.downstream.test_check_vertical_metrics.CheckVerticalDescentMetrics.test_metrics_descents_equal_bbox(): OK
bakery_lint.tests.downstream.test_check_upm_heights_less_120.TestCheckUPMHeightsLess120.test_check_upm_heigths_less_120(): FAIL
bakery_lint.tests.downstream.test_check_unencoded_glyph.TestFontUnencodedGlyph.test_font_unencoded_glyphs(): FAIL
$ fontbakery-fix-glyph-private-encoding.py --autofix /home/travis/build/fontdirectory/yellowtail/builds/build/Yellowtail-Regular.ttf
$ mv /home/travis/build/fontdirectory/yellowtail/builds/build/Yellowtail-Regular.ttf.fix /home/travis/build/fontdirectory/yellowtail/builds/build/Yellowtail-Regular.ttf
bakery_lint.tests.downstream.test_check_unencoded_glyph.TestFontUnencodedGlyph.test_font_unencoded_glyphs(): FAIL
bakery_lint.tests.downstream.test_names_are_ascii_only.CheckNamesAreASCIIOnly.test_check_names_are_ascii_only(): OK
bakery_lint.tests.downstream.test_check_name_table_recommendation.CheckStyleNameRecommendation.test_check_stylename_is_under_recommendations(): OK
bakery_lint.tests.downstream.test_check_name_table_recommendation.CheckOTFamilyNameRecommendation.test_check_opentype_familyname(): OK
bakery_lint.tests.downstream.test_check_name_table_recommendation.CheckOTStyleNameRecommendation.test_check_opentype_stylename(): OK
bakery_lint.tests.downstream.test_check_name_table_recommendation.CheckOTFullNameRecommendation.test_check_opentype_fullname(): FAIL
$ fontbakery-fix-opentype-names.py /home/travis/build/fontdirectory/yellowtail/builds/build/Yellowtail-Regular.ttf
$ mv /home/travis/build/fontdirectory/yellowtail/builds/build/Yellowtail-Regular.ttf.fix /home/travis/build/fontdirectory/yellowtail/builds/build/Yellowtail-Regular.ttf
bakery_lint.tests.downstream.test_check_name_table_recommendation.CheckOTFullNameRecommendation.test_check_opentype_fullname(): OK
bakery_lint.tests.downstream.test_check_panose_identification.CheckPanoseIdentification.test_check_panose_identification(): OK
bakery_lint.tests.downstream.test_gasp_table_value.CheckGaspTableType.test_check_gasp_table_type(): FAIL
$ fontbakery-fix-gasp.py --set=15 /home/travis/build/fontdirectory/yellowtail/builds/build/Yellowtail-Regular.ttf
$ mv /home/travis/build/fontdirectory/yellowtail/builds/build/Yellowtail-Regular.ttf.fix /home/travis/build/fontdirectory/yellowtail/builds/build/Yellowtail-Regular.ttf
bakery_lint.tests.downstream.test_gasp_table_value.CheckGaspTableType.test_check_gasp_table_type(): OK
$ fontbakery-fix-gasp.py --set=15 /home/travis/build/fontdirectory/yellowtail/builds/build/Yellowtail-Regular.ttf
$ mv /home/travis/build/fontdirectory/yellowtail/builds/build/Yellowtail-Regular.ttf.fix /home/travis/build/fontdirectory/yellowtail/builds/build/Yellowtail-Regular.ttf
bakery_lint.tests.downstream.test_check_names_same_across_platforms.CheckNamesSameAcrossPlatforms.test_check_names_same_across_platforms(): OK
bakery_lint.tests.downstream.test_check_magic_prep_code.CheckMagicPREPByteCode.test_prep_magic_code(): FAIL
bakery_lint.tests.downstream.test_check_nbsp_width_matches_sp_width.CheckNbspWidthMatchesSpWidth.test_check_nbsp_width_matches_sp_width(): FAIL
$ fontbakery-fix-nbsp.py /home/travis/build/fontdirectory/yellowtail/builds/build/Yellowtail-Regular.ttf
$ mv /home/travis/build/fontdirectory/yellowtail/builds/build/Yellowtail-Regular.ttf.fix /home/travis/build/fontdirectory/yellowtail/builds/build/Yellowtail-Regular.ttf
bakery_lint.tests.downstream.test_check_nbsp_width_matches_sp_width.CheckNbspWidthMatchesSpWidth.test_check_nbsp_width_matches_sp_width(): FAIL
The following table(s) in the font have been ignored by FontForge
  Ignoring 'DSIG' digital signature table
The glyph named micro is mapped to U+03BC.
But its name indicates it should be mapped to U+00B5.
bakery_lint.tests.downstream.test_fontforge_validation_state.FontForgeValidateStateTest.test_allowed_numbers_paths_in_composite_glyphs(): OK
bakery_lint.tests.downstream.test_fontforge_validation_state.FontForgeValidateStateTest.test_allowed_numbers_paths_in_glyphs(): OK
bakery_lint.tests.downstream.test_fontforge_validation_state.FontForgeValidateStateTest.test_allowed_numbers_points_in_composite_glyphs(): OK
bakery_lint.tests.downstream.test_fontforge_validation_state.FontForgeValidateStateTest.test_allowed_numbers_points_in_glyphs(): OK
bakery_lint.tests.downstream.test_fontforge_validation_state.FontForgeValidateStateTest.test_duplicate_glyphs(): OK
bakery_lint.tests.downstream.test_fontforge_validation_state.FontForgeValidateStateTest.test_duplicate_unicode_codepoints(): OK
bakery_lint.tests.downstream.test_fontforge_validation_state.FontForgeValidateStateTest.test_flipped_reference_in_glyphs(): OK
bakery_lint.tests.downstream.test_fontforge_validation_state.FontForgeValidateStateTest.test_missing_anchors(): OK
bakery_lint.tests.downstream.test_fontforge_validation_state.FontForgeValidateStateTest.test_missing_extrema_in_glyphs(): FAIL
bakery_lint.tests.downstream.test_fontforge_validation_state.FontForgeValidateStateTest.test_overlapped_hints(): OK
bakery_lint.tests.downstream.test_fontforge_validation_state.FontForgeValidateStateTest.test_points_are_integer_aligned(): OK
bakery_lint.tests.downstream.test_fontforge_validation_state.FontForgeValidateStateTest.test_points_are_not_too_far_apart(): OK
bakery_lint.tests.downstream.test_fontforge_validation_state.FontForgeValidateStateTest.test_postscript_hasnt_limit_hints_in_glyphs(): OK
bakery_lint.tests.downstream.test_fontforge_validation_state.FontForgeValidateStateTest.test_postscript_hasnt_limit_points_in_glyphs(): OK
bakery_lint.tests.downstream.test_fontforge_validation_state.FontForgeValidateStateTest.test_referenced_glyphs_are_present(): OK
bakery_lint.tests.downstream.test_fontforge_validation_state.FontForgeValidateStateTest.test_valid_glyph_names(): OK
bakery_lint.tests.downstream.test_fontforge_validation_state.FontForgeValidateStateTest.test_valid_length_instructions(): OK
bakery_lint.tests.downstream.test_fontforge_validation_state.FontForgeValidateStateTest.test_validation_glyph_intersect(): FAIL
bakery_lint.tests.downstream.test_fontforge_validation_state.FontForgeValidateStateTest.test_validation_open_contours(): OK
bakery_lint.tests.downstream.test_fontforge_validation_state.FontForgeValidateStateTest.test_wrong_direction_in_glyphs(): OK
bakery_lint.tests.downstream.test_check_italic_angle_agreement.CheckItalicAngleAgreement.test_check_italic_angle_agreement(): OK
bakery_lint.tests.downstream.test_check_font_agreements.CheckFsTypeIsNotSet.test_is_fstype_not_set(): OK
$ fontbakery-fix-fstype.py --autofix /home/travis/build/fontdirectory/yellowtail/builds/build/Yellowtail-Regular.ttf
$ mv /home/travis/build/fontdirectory/yellowtail/builds/build/Yellowtail-Regular.ttf.fix /home/travis/build/fontdirectory/yellowtail/builds/build/Yellowtail-Regular.ttf
bakery_lint.tests.downstream.test_check_font_agreements.CheckFontAgreements.test_em_is_1000(): FAIL
bakery_lint.tests.downstream.test_check_font_agreements.CheckFontAgreements.test_font_is_font(): OK
bakery_lint.tests.downstream.test_check_font_agreements.CheckFontAgreements.test_latin_file_exists(): FAIL
bakery_lint.tests.downstream.test_check_font_agreements.CheckFontAgreements.test_menu_file_exists(): FAIL
bakery_lint.tests.downstream.test_check_license_included.CheckLicenseIncluded.test_license_included_in_font_names(): OK
bakery_lint.tests.downstream.test_check_font_tables.CheckFontHasDsigTable.test_check_font_has_dsig_table(): OK
bakery_lint.tests.downstream.test_check_font_tables.CheckFontHasNotKernTable.test_no_kern_table_exists(): OK
bakery_lint.tests.downstream.test_check_hmtx_hhea_max_advance_width_agreement.CheckHmtxHheaMaxAdvanceWidthAgreement.test_check_hmtx_hhea_max_advance_width_agreement(): OK
bakery_lint.tests.downstream.test_check_unused_glyph_data.CheckUnusedGlyphData.test_check_unused_glyph_data(): ERROR
bakery_lint.tests.downstream.test_check_glyf_table_length.CheckGlyfTableLength.test_check_glyf_table_length(): FAIL
bakery_lint.tests.downstream.test_check_glyph_existence.CheckGlyphExistence.test_euro(): OK
bakery_lint.tests.downstream.test_check_glyph_existence.CheckGlyphExistence.test_nbsp(): OK
bakery_lint.tests.downstream.test_check_glyph_existence.CheckGlyphExistence.test_space(): OK
### Optimize TTF Yellowtail-Regular.ttf
$ ls -l 'Yellowtail-Regular.ttf'* # look at the size savings of that subset process
Yellowtail-Regular.ttf.opt: 74352 bytes
Yellowtail-Regular.ttf: 78232 bytes
$ mv /home/travis/build/fontdirectory/yellowtail/builds/build/Yellowtail-Regular.ttf.opt /home/travis/build/fontdirectory/yellowtail/builds/build/Yellowtail-Regular.ttf
### Autohint TTFs (ttfautohint) Yellowtail-Regular.ttf
$ ttfautohint -l 7 -r 28 -G 50 -x 13 -w "G" /home/travis/build/fontdirectory/yellowtail/builds/build/Yellowtail-Regular.ttf '/home/travis/build/fontdirectory/yellowtail/builds/build/Yellowtail-Regular.autohint.ttf'

$ ls -l /home/travis/build/fontdirectory/yellowtail/builds/build/Yellowtail-Regular.*ttf # look at the size savings of that subset process
/home/travis/build/fontdirectory/yellowtail/builds/build/Yellowtail-Regular.ttf: 74352 bytes
/home/travis/build/fontdirectory/yellowtail/builds/build/Yellowtail-Regular.autohint.ttf: 106640 bytes
$ mv /home/travis/build/fontdirectory/yellowtail/builds/build/Yellowtail-Regular.autohint.ttf /home/travis/build/fontdirectory/yellowtail/builds/build/Yellowtail-Regular.ttf
### Subset TTFs (pyftsubset) Yellowtail-Regular.ttf
$ pyftsubset Yellowtail-Regular.latin
$ pyftsubset Yellowtail-Regular.menu
spaceWidth is    425
nbspWidth is     425
Nothing to do
strippedname:/home/travis/build/fontdirectory/yellowtail/builds/build/Yellowtail-Regular.ttf
$ fontbakery-build-font2ttf.py sources/Yellowtail-Regular-TTF.sfd Yellowtail-Regular-TTF.ttf
Success: Generated OpenType-TTF (/home/travis/build/fontdirectory/yellowtail/builds/build/Yellowtail-Regular-TTF.ttf)
### Test Yellowtail-Regular-TTF.ttf
$ fontbakery-check.py result Yellowtail-Regular-TTF.ttf
bakery_lint.tests.downstream.test_check_fontname_matches_macstyle.CheckFontNameEqualToMacStyleFlags.test_fontname_is_equal_to_macstyle(): FAIL
bakery_lint.tests.downstream.test_check_full_font_name_begins_with_family_name.CheckFullFontNameBeginsWithFamilyName.test_check_full_font_name_begins_with_family_name(): OK
bakery_lint.tests.downstream.test_check_os2_width_class.CheckOS2WidthClass.test_check_os2_width_class(): OK
bakery_lint.tests.downstream.test_gpos_table_has_kerning_info.CheckGposTableHasKerningInfo.test_gpos_table_has_kerning_info(): FAIL
bakery_lint.tests.downstream.test_check_no_problematic_formats.CheckNoProblematicFormats.test_check_no_problematic_formats(): OK
bakery_lint.tests.downstream.test_check_vertical_metrics.CheckVerticalLinegapMetrics.test_metrics_linegaps_are_zero(): FAIL
$ fontbakery-fix-vertical-metrics.py --autofix /home/travis/build/fontdirectory/yellowtail/builds/build/Yellowtail-Regular.ttf /home/travis/build/fontdirectory/yellowtail/builds/build/Yellowtail-Regular-TTF.ttf
$ mv /home/travis/build/fontdirectory/yellowtail/builds/build/Yellowtail-Regular.ttf.fix /home/travis/build/fontdirectory/yellowtail/builds/build/Yellowtail-Regular.ttf
$ mv /home/travis/build/fontdirectory/yellowtail/builds/build/Yellowtail-Regular-TTF.ttf.fix /home/travis/build/fontdirectory/yellowtail/builds/build/Yellowtail-Regular-TTF.ttf
$ fontbakery-fix-vertical-metrics.py /home/travis/build/fontdirectory/yellowtail/builds/build/Yellowtail-Regular.ttf /home/travis/build/fontdirectory/yellowtail/builds/build/Yellowtail-Regular-TTF.ttf
Parameter              Yellowtail-Regular.ttf    Yellowtail-Regular-TTF.ttf    
ymax                   1990                      1990                          
hhea.ascent            1990                      1990                          
OS/2.sTypoAscender     1990                      1990                          
OS/2.usWinAscent       1990                      1990                          
ymin                   -617                      -617                          
hhea.descent           -617                      -617                          
OS/2.sTypoDescender    -617                      -617                          
OS/2.usWinDescent      617                       617                           
hhea.lineGap           0                         0                             
OS/2.sTypoLineGap      0                         0                             
hhea total             2607                      2607                          
typo total             2607                      2607                          
win total              2607                      2607                          
UPM:Heights            2048:2607                 2048:2607                     
UPM:Heights %          127 %                     127 %                         


bakery_lint.tests.downstream.test_check_vertical_metrics.CheckVerticalLinegapMetrics.test_metrics_linegaps_are_zero(): OK
bakery_lint.tests.downstream.test_check_vertical_metrics.CheckVerticalAscentMetrics.test_metrics_ascents_equal_bbox(): OK
bakery_lint.tests.downstream.test_check_vertical_metrics.CheckVerticalDescentMetrics.test_metrics_descents_equal_bbox(): OK
bakery_lint.tests.downstream.test_check_upm_heights_less_120.TestCheckUPMHeightsLess120.test_check_upm_heigths_less_120(): FAIL
bakery_lint.tests.downstream.test_check_unencoded_glyph.TestFontUnencodedGlyph.test_font_unencoded_glyphs(): FAIL
$ fontbakery-fix-glyph-private-encoding.py --autofix /home/travis/build/fontdirectory/yellowtail/builds/build/Yellowtail-Regular-TTF.ttf
$ mv /home/travis/build/fontdirectory/yellowtail/builds/build/Yellowtail-Regular-TTF.ttf.fix /home/travis/build/fontdirectory/yellowtail/builds/build/Yellowtail-Regular-TTF.ttf
bakery_lint.tests.downstream.test_check_unencoded_glyph.TestFontUnencodedGlyph.test_font_unencoded_glyphs(): FAIL
bakery_lint.tests.downstream.test_names_are_ascii_only.CheckNamesAreASCIIOnly.test_check_names_are_ascii_only(): OK
bakery_lint.tests.downstream.test_check_name_table_recommendation.CheckStyleNameRecommendation.test_check_stylename_is_under_recommendations(): OK
bakery_lint.tests.downstream.test_check_name_table_recommendation.CheckOTFamilyNameRecommendation.test_check_opentype_familyname(): FAIL
$ fontbakery-fix-opentype-names.py /home/travis/build/fontdirectory/yellowtail/builds/build/Yellowtail-Regular-TTF.ttf
$ mv /home/travis/build/fontdirectory/yellowtail/builds/build/Yellowtail-Regular-TTF.ttf.fix /home/travis/build/fontdirectory/yellowtail/builds/build/Yellowtail-Regular-TTF.ttf
bakery_lint.tests.downstream.test_check_name_table_recommendation.CheckOTFamilyNameRecommendation.test_check_opentype_familyname(): OK
bakery_lint.tests.downstream.test_check_name_table_recommendation.CheckOTStyleNameRecommendation.test_check_opentype_stylename(): OK
bakery_lint.tests.downstream.test_check_name_table_recommendation.CheckOTFullNameRecommendation.test_check_opentype_fullname(): OK
bakery_lint.tests.downstream.test_check_panose_identification.CheckPanoseIdentification.test_check_panose_identification(): OK
bakery_lint.tests.downstream.test_gasp_table_value.CheckGaspTableType.test_check_gasp_table_type(): FAIL
$ fontbakery-fix-gasp.py --set=15 /home/travis/build/fontdirectory/yellowtail/builds/build/Yellowtail-Regular-TTF.ttf
$ mv /home/travis/build/fontdirectory/yellowtail/builds/build/Yellowtail-Regular-TTF.ttf.fix /home/travis/build/fontdirectory/yellowtail/builds/build/Yellowtail-Regular-TTF.ttf
bakery_lint.tests.downstream.test_gasp_table_value.CheckGaspTableType.test_check_gasp_table_type(): OK
$ fontbakery-fix-gasp.py --set=15 /home/travis/build/fontdirectory/yellowtail/builds/build/Yellowtail-Regular-TTF.ttf
$ mv /home/travis/build/fontdirectory/yellowtail/builds/build/Yellowtail-Regular-TTF.ttf.fix /home/travis/build/fontdirectory/yellowtail/builds/build/Yellowtail-Regular-TTF.ttf
bakery_lint.tests.downstream.test_check_names_same_across_platforms.CheckNamesSameAcrossPlatforms.test_check_names_same_across_platforms(): OK
bakery_lint.tests.downstream.test_check_magic_prep_code.CheckMagicPREPByteCode.test_prep_magic_code(): FAIL
bakery_lint.tests.downstream.test_check_nbsp_width_matches_sp_width.CheckNbspWidthMatchesSpWidth.test_check_nbsp_width_matches_sp_width(): FAIL
$ fontbakery-fix-nbsp.py /home/travis/build/fontdirectory/yellowtail/builds/build/Yellowtail-Regular-TTF.ttf
$ mv /home/travis/build/fontdirectory/yellowtail/builds/build/Yellowtail-Regular-TTF.ttf.fix /home/travis/build/fontdirectory/yellowtail/builds/build/Yellowtail-Regular-TTF.ttf
bakery_lint.tests.downstream.test_check_nbsp_width_matches_sp_width.CheckNbspWidthMatchesSpWidth.test_check_nbsp_width_matches_sp_width(): FAIL
The following table(s) in the font have been ignored by FontForge
  Ignoring 'DSIG' digital signature table
The glyph named mu is mapped to U+F0077.
But its name indicates it should be mapped to U+00B5.
bakery_lint.tests.downstream.test_fontforge_validation_state.FontForgeValidateStateTest.test_allowed_numbers_paths_in_composite_glyphs(): OK
bakery_lint.tests.downstream.test_fontforge_validation_state.FontForgeValidateStateTest.test_allowed_numbers_paths_in_glyphs(): OK
bakery_lint.tests.downstream.test_fontforge_validation_state.FontForgeValidateStateTest.test_allowed_numbers_points_in_composite_glyphs(): OK
bakery_lint.tests.downstream.test_fontforge_validation_state.FontForgeValidateStateTest.test_allowed_numbers_points_in_glyphs(): OK
bakery_lint.tests.downstream.test_fontforge_validation_state.FontForgeValidateStateTest.test_duplicate_glyphs(): OK
bakery_lint.tests.downstream.test_fontforge_validation_state.FontForgeValidateStateTest.test_duplicate_unicode_codepoints(): OK
bakery_lint.tests.downstream.test_fontforge_validation_state.FontForgeValidateStateTest.test_flipped_reference_in_glyphs(): OK
bakery_lint.tests.downstream.test_fontforge_validation_state.FontForgeValidateStateTest.test_missing_anchors(): OK
bakery_lint.tests.downstream.test_fontforge_validation_state.FontForgeValidateStateTest.test_missing_extrema_in_glyphs(): FAIL
bakery_lint.tests.downstream.test_fontforge_validation_state.FontForgeValidateStateTest.test_overlapped_hints(): OK
bakery_lint.tests.downstream.test_fontforge_validation_state.FontForgeValidateStateTest.test_points_are_integer_aligned(): OK
bakery_lint.tests.downstream.test_fontforge_validation_state.FontForgeValidateStateTest.test_points_are_not_too_far_apart(): OK
bakery_lint.tests.downstream.test_fontforge_validation_state.FontForgeValidateStateTest.test_postscript_hasnt_limit_hints_in_glyphs(): OK
bakery_lint.tests.downstream.test_fontforge_validation_state.FontForgeValidateStateTest.test_postscript_hasnt_limit_points_in_glyphs(): OK
bakery_lint.tests.downstream.test_fontforge_validation_state.FontForgeValidateStateTest.test_referenced_glyphs_are_present(): OK
bakery_lint.tests.downstream.test_fontforge_validation_state.FontForgeValidateStateTest.test_valid_glyph_names(): OK
bakery_lint.tests.downstream.test_fontforge_validation_state.FontForgeValidateStateTest.test_valid_length_instructions(): OK
bakery_lint.tests.downstream.test_fontforge_validation_state.FontForgeValidateStateTest.test_validation_glyph_intersect(): FAIL
bakery_lint.tests.downstream.test_fontforge_validation_state.FontForgeValidateStateTest.test_validation_open_contours(): OK
bakery_lint.tests.downstream.test_fontforge_validation_state.FontForgeValidateStateTest.test_wrong_direction_in_glyphs(): OK
bakery_lint.tests.downstream.test_check_italic_angle_agreement.CheckItalicAngleAgreement.test_check_italic_angle_agreement(): OK
bakery_lint.tests.downstream.test_check_font_agreements.CheckFsTypeIsNotSet.test_is_fstype_not_set(): OK
$ fontbakery-fix-fstype.py --autofix /home/travis/build/fontdirectory/yellowtail/builds/build/Yellowtail-Regular-TTF.ttf
$ mv /home/travis/build/fontdirectory/yellowtail/builds/build/Yellowtail-Regular-TTF.ttf.fix /home/travis/build/fontdirectory/yellowtail/builds/build/Yellowtail-Regular-TTF.ttf
bakery_lint.tests.downstream.test_check_font_agreements.CheckFontAgreements.test_em_is_1000(): FAIL
bakery_lint.tests.downstream.test_check_font_agreements.CheckFontAgreements.test_font_is_font(): OK
bakery_lint.tests.downstream.test_check_font_agreements.CheckFontAgreements.test_latin_file_exists(): FAIL
bakery_lint.tests.downstream.test_check_font_agreements.CheckFontAgreements.test_menu_file_exists(): FAIL
bakery_lint.tests.downstream.test_check_license_included.CheckLicenseIncluded.test_license_included_in_font_names(): ERROR
bakery_lint.tests.downstream.test_check_font_tables.CheckFontHasDsigTable.test_check_font_has_dsig_table(): OK
bakery_lint.tests.downstream.test_check_font_tables.CheckFontHasNotKernTable.test_no_kern_table_exists(): OK
bakery_lint.tests.downstream.test_check_hmtx_hhea_max_advance_width_agreement.CheckHmtxHheaMaxAdvanceWidthAgreement.test_check_hmtx_hhea_max_advance_width_agreement(): OK
bakery_lint.tests.downstream.test_check_unused_glyph_data.CheckUnusedGlyphData.test_check_unused_glyph_data(): ERROR
bakery_lint.tests.downstream.test_check_glyf_table_length.CheckGlyfTableLength.test_check_glyf_table_length(): FAIL
bakery_lint.tests.downstream.test_check_glyph_existence.CheckGlyphExistence.test_euro(): OK
bakery_lint.tests.downstream.test_check_glyph_existence.CheckGlyphExistence.test_nbsp(): OK
bakery_lint.tests.downstream.test_check_glyph_existence.CheckGlyphExistence.test_space(): OK
### Optimize TTF Yellowtail-Regular-TTF.ttf
$ ls -l 'Yellowtail-Regular-TTF.ttf'* # look at the size savings of that subset process
Yellowtail-Regular-TTF.ttf.opt: 58596 bytes
Yellowtail-Regular-TTF.ttf: 61692 bytes
$ mv /home/travis/build/fontdirectory/yellowtail/builds/build/Yellowtail-Regular-TTF.ttf.opt /home/travis/build/fontdirectory/yellowtail/builds/build/Yellowtail-Regular-TTF.ttf
### Autohint TTFs (ttfautohint) Yellowtail-Regular-TTF.ttf
$ ttfautohint -l 7 -r 28 -G 50 -x 13 -w "G" /home/travis/build/fontdirectory/yellowtail/builds/build/Yellowtail-Regular-TTF.ttf '/home/travis/build/fontdirectory/yellowtail/builds/build/Yellowtail-Regular-TTF.autohint.ttf'

$ ls -l /home/travis/build/fontdirectory/yellowtail/builds/build/Yellowtail-Regular-TTF.*ttf # look at the size savings of that subset process
/home/travis/build/fontdirectory/yellowtail/builds/build/Yellowtail-Regular-TTF.ttf: 58596 bytes
/home/travis/build/fontdirectory/yellowtail/builds/build/Yellowtail-Regular-TTF.autohint.ttf: 91024 bytes
$ mv /home/travis/build/fontdirectory/yellowtail/builds/build/Yellowtail-Regular-TTF.autohint.ttf /home/travis/build/fontdirectory/yellowtail/builds/build/Yellowtail-Regular-TTF.ttf
### Subset TTFs (pyftsubset) Yellowtail-Regular-TTF.ttf
$ pyftsubset Yellowtail-Regular-TTF.latin
$ pyftsubset Yellowtail-Regular-TTF.menu
spaceWidth is    425
nbspWidth is     425
Nothing to do
strippedname:/home/travis/build/fontdirectory/yellowtail/builds/build/Yellowtail-Regular-TTF.ttf
### (5 of 6) Generate METADATA.json (fontbakery-build-metadata.py)
$ fontbakery-build-metadata.py /home/travis/build/fontdirectory/yellowtail/builds/build
{} exists
Designer's name from font is: Astigmatic (AOETI)
Original size: 106640\nGzip size: 53863
Family Name: Yellowtail
PS Name: Yellowtail
Full Name: Yellowtail
Style: normal
Weight: 400
Filename: Yellowtail-Regular.ttf
Copyright: Copyright (c) 2011 by Brian J. Bonislawsky DBA Astigmatic (AOETI). All rights reserved. Available under the Apache 2.0 licence.\rhttp://www.apache.org/licenses/LICENSE-2.0.html
Family Name: Yellowtail
PS Name: Yellowtail
Full Name: Yellowtail
Style: normal
Weight: 400
Filename: Yellowtail-Regular-TTF.ttf
Copyright: Copyright (c) 2011 by Brian J. Bonislawsky DBA Astigmatic (AOETI). All rights reserved. Available under the Apache 2.0 licence.\nhttp://www.apache.org/licenses/LICENSE-2.0.html
### (6 of 6) Run tests for METADATA.json
$ fontbakery-check.py metadata METADATA.json
bakery_lint.tests.metadata_test.MetadataSubsetsListTest.test_charset_latin(): OK
bakery_lint.tests.metadata_test.MetadataSubsetsListTest.test_charset_menu(): OK
bakery_lint.tests.metadata_test.MetadataTest.test_description_is_more_than_500b(): FAIL
bakery_lint.tests.metadata_test.MetadataTest.test_description_is_valid_html(): FAIL
bakery_lint.tests.metadata_test.MetadataTest.test_does_not_familyName_exist_in_daltonmaag_catalogue(): FAIL
bakery_lint.tests.metadata_test.MetadataTest.test_does_not_familyName_exist_in_fontbureau_catalogue(): OK
bakery_lint.tests.metadata_test.MetadataTest.test_does_not_familyName_exist_in_fontscom_catalogue(): OK
bakery_lint.tests.metadata_test.MetadataTest.test_does_not_familyName_exist_in_fontshop_catalogue(): FAIL
bakery_lint.tests.metadata_test.MetadataTest.test_does_not_familyName_exist_in_fontsmith_catalogue(): FAIL
bakery_lint.tests.metadata_test.MetadataTest.test_does_not_familyName_exist_in_houseind_catalogue(): OK
bakery_lint.tests.metadata_test.MetadataTest.test_does_not_familyName_exist_in_myfonts_catalogue(): OK
bakery_lint.tests.metadata_test.MetadataTest.test_does_not_familyName_exist_in_veer_catalogue(): OK
bakery_lint.tests.metadata_test.MetadataTest.test_family_is_listed_in_gwf(): OK
bakery_lint.tests.metadata_test.MetadataTest.test_metadata_atleast_latin_menu_subsets_exist(): OK
/home/travis/virtualenv/python2.7.8/lib/python2.7/site-packages/bakery_lint/tests/metadata_test.py:141: UnicodeWarning: Unicode equal comparison failed to convert both arguments to Unicode - interpreting them as being unequal
  self.assertTrue(designer in designers,
bakery_lint.tests.metadata_test.MetadataTest.test_metadata_designer_exists_in_profiles_csv(): OK
bakery_lint.tests.metadata_test.MetadataTest.test_metadata_fonts_items_dicts(): OK
bakery_lint.tests.metadata_test.MetadataTest.test_metadata_fonts_key_list(): OK
bakery_lint.tests.metadata_test.MetadataTest.test_metadata_fonts_no_dupes(): OK
bakery_lint.tests.metadata_test.MetadataTest.test_metadata_has_unique_style_weight_pairs(): OK
bakery_lint.tests.metadata_test.MetadataTest.test_metadata_keys(): OK
bakery_lint.tests.metadata_test.MetadataTest.test_metadata_license(): OK
bakery_lint.tests.metadata_test.MetadataTest.test_metadata_no_unknown_top_keys(): OK
bakery_lint.tests.metadata_test.MetadataTest.test_metadata_subsets_key_list(): OK
bakery_lint.tests.metadata_test.MetadataTest.test_metadata_top_keys_types(): OK
bakery_lint.tests.downstream.test_check_text_files_exist.CheckTextFilesExist.test_copyrighttxt_exists(): FAIL
bakery_lint.tests.downstream.test_check_text_files_exist.CheckTextFilesExist.test_description_exists(): OK
bakery_lint.tests.downstream.test_check_text_files_exist.CheckTextFilesExist.test_fontlogtxt_exists(): FAIL
bakery_lint.tests.downstream.test_check_text_files_exist.CheckTextFilesExist.test_licensetxt_exists(): FAIL
bakery_lint.tests.downstream.test_check_canonical_filenames.CheckCanonicalFilenames.test_check_canonical_filenames(): OK
bakery_lint.tests.downstream.test_check_metadata_matches_nametable.CheckMetadataMatchesNameTable.test_check_metadata_matches_nametable(): OK
bakery_lint.tests.downstream.test_check_metadata_style_matches_names.CheckItalicStyleMatchesMacStyle.test_check_italic_style_matches_names(): OK
bakery_lint.tests.downstream.test_check_metadata_style_matches_names.CheckNormalStyleMatchesMacStyle.test_check_normal_style_matches_names(): OK
bakery_lint.tests.downstream.test_check_canonical_weights.CheckCanonicalWeights.test_check_canonical_weights(): OK
bakery_lint.tests.downstream.test_check_canonical_weights.CheckPostScriptNameMatchesWeight.test_postscriptname_contains_correct_weight(): FAIL
bakery_lint.tests.downstream.test_check_canonical_weights.CheckFontWeightSameAsInMetadata.test_font_weight_same_as_in_metadata(): OK
bakery_lint.tests.downstream.test_check_canonical_weights.CheckFullNameEqualCanonicalName.test_metadata_contains_current_font(): OK
bakery_lint.tests.downstream.test_check_subsets_exists.CheckSubsetsExist.test_check_subsets_exists(): OK
bakery_lint.tests.downstream.test_metadata_agreements.TestFontOnDiskFamilyEqualToMetadataJSON.test_font_on_disk_family_equal_in_metadata_json(): OK
bakery_lint.tests.downstream.test_metadata_agreements.TestPostScriptNameInMetadataEqualFontOnDisk.test_postscriptname_in_metadata_equal_to_font_on_disk(): OK
bakery_lint.tests.downstream.test_metadata_agreements.CheckMetadataAgreements.test_font_name_matches_family(): OK
bakery_lint.tests.downstream.test_metadata_agreements.CheckMetadataAgreements.test_metadata_family_values_are_all_the_same(): OK
bakery_lint.tests.downstream.test_metadata_agreements.CheckMetadataAgreements.test_metadata_filename_matches_postscriptname(): FAIL
bakery_lint.tests.downstream.test_metadata_agreements.CheckMetadataAgreements.test_metadata_font_have_regular(): OK
bakery_lint.tests.downstream.test_metadata_agreements.CheckMetadataAgreements.test_metadata_fonts_fields_have_fontname(): OK
bakery_lint.tests.downstream.test_metadata_agreements.CheckMetadataAgreements.test_metadata_fullname_is_equal_to_internal_font_fullname(): OK
bakery_lint.tests.downstream.test_metadata_agreements.CheckMetadataAgreements.test_metadata_fullname_matches_postScriptName(): OK
bakery_lint.tests.downstream.test_metadata_agreements.CheckMetadataAgreements.test_metadata_regular_is_400(): OK
bakery_lint.tests.downstream.test_metadata_agreements.CheckMetadataAgreements.test_metadata_regular_is_normal(): FAIL
bakery_lint.tests.downstream.test_check_canonical_styles.CheckCanonicalStyles.test_check_canonical_styles(): OK
bakery_lint.tests.downstream.test_metadata_font_copyright.CheckMetadataContainsReservedFontName.test_copyright_contains_correct_rfn(): FAIL
bakery_lint.tests.downstream.test_metadata_font_copyright.CheckMetadataContainsReservedFontName.test_copyright_is_consistent_across_family(): OK
bakery_lint.tests.downstream.test_metadata_font_copyright.CheckMetadataContainsReservedFontName.test_copyright_matches_pattern(): OK
bakery_lint.tests.downstream.test_metadata_font_copyright.CheckMetadataContainsReservedFontName.test_metadata_copyright_size(): OK
bakery_lint.tests.downstream.test_check_glyph_consistency.CheckGlyphConsistencyInFamily.test_the_same_encodings_of_glyphs_across_family(): OK
bakery_lint.tests.downstream.test_check_glyph_consistency.CheckGlyphConsistencyInFamily.test_the_same_names_of_glyphs_across_family(): OK
bakery_lint.tests.downstream.test_check_glyph_consistency.CheckGlyphConsistencyInFamily.test_the_same_number_of_glyphs_across_family(): OK
bakery_lint.tests.downstream.test_check_familyname_matches_fontnames.CheckFamilyNameMatchesFontNames.test_check_familyname_matches_fontnames(): OK
bakery_lint.tests.downstream.test_check_files_menu_agreements.CheckFontsMenuAgreements.test_menu_file_agreement(): OK
bakery_lint.tests.downstream.test_check_font_name_not_in_camelcase.CheckFontNameNotInCamelCase.test_fontname_not_in_camel_case(): OK
bakery_lint.tests.downstream.test_check_metadata_fields.CheckMetadataFields.test_check_metadata_fields(): OK
bakery_lint.tests.downstream.test_check_menu_contains_proper_glyphs.CheckMenuSubsetContainsProperGlyphs.test_check_menu_contains_proper_glyphs(): FAIL
bakery_lint.tests.downstream.test_check_monospace_agreements.CheckMonospaceAgreement.test_check_monospace_agreement(): OK
{
  "name": "Yellowtail", 
  "designer": "Astigmatic", 
  "license": "Apache2", 
  "visibility": "External", 
  "category": "Handwriting", 
  "size": 32495, 
  "fonts": [
    {
      "name": "Yellowtail", 
      "postScriptName": "Yellowtail", 
      "fullName": "Yellowtail", 
      "style": "normal", 
      "weight": 400, 
      "filename": "Yellowtail-Regular.ttf", 
      "copyright": "Copyright (c) 2011 by Brian J. Bonislawsky DBA Astigmatic (AOETI). All rights reserved. Available under the Apache 2.0 licence.\rhttp://www.apache.org/licenses/LICENSE-2.0.html"
    }, 
    {
      "name": "Yellowtail", 
      "postScriptName": "Yellowtail", 
      "fullName": "Yellowtail", 
      "style": "normal", 
      "weight": 400, 
      "filename": "Yellowtail-Regular-TTF.ttf", 
      "copyright": "Copyright (c) 2011 by Brian J. Bonislawsky DBA Astigmatic (AOETI). All rights reserved. Available under the Apache 2.0 licence.\nhttp://www.apache.org/licenses/LICENSE-2.0.html"
    }
  ], 
  "subsets": [
    "latin", 
    "menu"
  ], 
  "dateAdded": "2011-07-20"
}
